
Memory Configuration

Name             Origin             Length             Attributes
*default*        0x00000000         0xffffffff

Linker script and memory map

LOAD build/MainMenu.o
LOAD build/jtag.o
LOAD build/framebuffer.o
LOAD build/mapLogic.o
LOAD build/MainMenuArt.o
LOAD build/TestCode.o
LOAD build/GameplayLogic.o
LOAD build/main.o
LOAD build/Graphics.o
LOAD build/map.o
LOAD build/strings.o
LOAD build/snes.o
LOAD build/Math.o
LOAD build/PauseMenu.o
LOAD build/art.o
LOAD build/drawPixel.o
LOAD uart.o
LOAD gpio.o

.init           0x00008000        0x4
 *(.init)
 .init          0x00008000        0x0 build/mapLogic.o
 .init          0x00008000        0x0 build/GameplayLogic.o
 .init          0x00008000        0x4 build/main.o
                0x00008000                _start
 .init          0x00008004        0x0 build/snes.o
 .init          0x00008004        0x0 build/Math.o

.data           0x00009080     0x3cb0
 *(.data)
 .data          0x00009080        0x0 build/MainMenu.o
 .data          0x00009080        0x0 build/jtag.o
 .data          0x00009080       0x70 build/framebuffer.o
                0x000090e0                FrameBufferPointer
 .data          0x000090f0       0x10 build/mapLogic.o
                0x000090f0                d_cameraPosition
 .data          0x00009100        0x0 build/MainMenuArt.o
 .data          0x00009100        0x0 build/TestCode.o
 .data          0x00009100       0x20 build/GameplayLogic.o
 .data          0x00009120        0x0 build/main.o
 .data          0x00009120        0x0 build/Graphics.o
 .data          0x00009120     0x3c00 build/map.o
                0x00009120                d_mapBackground
                0x0000af20                d_mapForeground
 .data          0x0000cd20       0x10 build/strings.o
                0x0000cd20                d_numToPrint
 .data          0x0000cd30        0x0 build/snes.o
 .data          0x0000cd30        0x0 build/Math.o
 .data          0x0000cd30        0x0 build/PauseMenu.o
 .data          0x0000cd30        0x0 build/art.o
 .data          0x0000cd30        0x0 build/drawPixel.o
 .data          0x0000cd30        0x0 uart.o
 .data          0x0000cd30        0x0 gpio.o
 *.c.o(*)

.igot.plt       0x0000cd30        0x0
 .igot.plt      0x00000000        0x0 build/MainMenu.o

.text           0x0000cd30   0x16ebac
 *.c.o(.text)
 *(.text)
 .text          0x0000cd30      0x154 build/MainMenu.o
                0x0000cd30                f_mainMenu
 .text          0x0000ce84       0x8c build/jtag.o
                0x0000ce84                EnableJTAG
 .text          0x0000cf10       0x80 build/framebuffer.o
                0x0000cf10                InitFrameBuffer
 .text          0x0000cf90       0xc0 build/mapLogic.o
                0x0000cf90                t_cameraPosition
                0x0000cf94                f_copyMap
                0x0000cfbc                f_drawMap
 .text          0x0000d050    0xf4718 build/MainMenuArt.o
                0x0000d050                t_MainMenuLogo
                0x000dd848                t_QuitNorm
                0x000e6810                t_QuitSelect
                0x000ef7d8                t_StartNorm
                0x000f87a0                t_StartSelect
 .text          0x00101768       0x18 build/TestCode.o
                0x00101768                f_tests3
 .text          0x00101780      0x170 build/GameplayLogic.o
                0x00101794                f_playingState
 .text          0x001018f0       0xec build/main.o
 *fill*         0x001019dc        0x4 3f3f3f3f
 .text          0x001019e0      0x9b0 build/Graphics.o
                0x00101ab4                f_drawElement
                0x00101b14                f_colourScreen
                0x00101b50                d_rectangle
                0x00101b60                d_textColour
 .text          0x00102390     0x3c00 build/map.o
                0x00102390                t_mapBackground
                0x00104190                t_mapForeground
 .text          0x00105f90       0x30 build/strings.o
                0x00105f90                t_scoreLabel
                0x00105fa0                t_livesLabel
                0x00105fb0                t_coinsLable
 .text          0x00105fc0      0x1bc build/snes.o
                0x00105fc0                f_playInput
                0x0010601c                init_GPIO
                0x001060f8                Read_SNES
 .text          0x0010617c       0x38 build/Math.o
                0x0010617c                f_modulo
                0x001061a0                f_digToASCII
 .text          0x001061b4       0xd4 build/PauseMenu.o
                0x001061b4                f_pauseMenu
 .text          0x00106288    0x753a8 build/art.o
                0x00106288                t_artSpritesAccess
 .text          0x0017b630       0x1c build/drawPixel.o
                0x0017b630                f_drawPixel
 .text          0x0017b64c      0x1b8 uart.o
                0x0017b64c                InitUART
                0x0017b70c                PutCharUART
                0x0017b728                GetCharUART
                0x0017b744                WriteStringUART
                0x0017b774                ReadLineUART
 .text          0x0017b804       0xd8 gpio.o
                0x0017b804                GetGpioAddress
                0x0017b80c                SetGpioFunction
                0x0017b858                SetGpio
                0x0017b894                GetGpio
OUTPUT(build/output.elf elf32-littlearm)

.glue_7         0x0017b8dc        0x0
 .glue_7        0x00000000        0x0 linker stubs

.glue_7t        0x0017b8dc        0x0
 .glue_7t       0x00000000        0x0 linker stubs

.vfp11_veneer   0x0017b8dc        0x0
 .vfp11_veneer  0x00000000        0x0 linker stubs

.v4_bx          0x0017b8dc        0x0
 .v4_bx         0x00000000        0x0 linker stubs

.iplt           0x0017b8dc        0x0
 .iplt          0x00000000        0x0 build/MainMenu.o

.rel.dyn        0x0017b8dc        0x0
 .rel.iplt      0x00000000        0x0 build/MainMenu.o

.bss            0x0017b8dc        0x0
 .bss           0x0017b8dc        0x0 build/MainMenu.o
 .bss           0x0017b8dc        0x0 build/jtag.o
 .bss           0x0017b8dc        0x0 build/framebuffer.o
 .bss           0x0017b8dc        0x0 build/mapLogic.o
 .bss           0x0017b8dc        0x0 build/MainMenuArt.o
 .bss           0x0017b8dc        0x0 build/TestCode.o
 .bss           0x0017b8dc        0x0 build/GameplayLogic.o
 .bss           0x0017b8dc        0x0 build/main.o
 .bss           0x0017b8dc        0x0 build/Graphics.o
 .bss           0x0017b8dc        0x0 build/map.o
 .bss           0x0017b8dc        0x0 build/strings.o
 .bss           0x0017b8dc        0x0 build/snes.o
 .bss           0x0017b8dc        0x0 build/Math.o
 .bss           0x0017b8dc        0x0 build/PauseMenu.o
 .bss           0x0017b8dc        0x0 build/art.o
 .bss           0x0017b8dc        0x0 build/drawPixel.o
 .bss           0x0017b8dc        0x0 uart.o
 .bss           0x0017b8dc        0x0 gpio.o

.ARM.attributes
                0x00000000       0x37
 .ARM.attributes
                0x00000000       0x29 build/MainMenu.o
 .ARM.attributes
                0x00000029       0x29 build/jtag.o
 .ARM.attributes
                0x00000052       0x29 build/framebuffer.o
 .ARM.attributes
                0x0000007b       0x29 build/mapLogic.o
 .ARM.attributes
                0x000000a4       0x29 build/MainMenuArt.o
 .ARM.attributes
                0x000000cd       0x29 build/TestCode.o
 .ARM.attributes
                0x000000f6       0x29 build/GameplayLogic.o
 .ARM.attributes
                0x0000011f       0x29 build/main.o
 .ARM.attributes
                0x00000148       0x29 build/Graphics.o
 .ARM.attributes
                0x00000171       0x29 build/map.o
 .ARM.attributes
                0x0000019a       0x29 build/strings.o
 .ARM.attributes
                0x000001c3       0x29 build/snes.o
 .ARM.attributes
                0x000001ec       0x29 build/Math.o
 .ARM.attributes
                0x00000215       0x29 build/PauseMenu.o
 .ARM.attributes
                0x0000023e       0x29 build/art.o
 .ARM.attributes
                0x00000267       0x3b build/drawPixel.o
 .ARM.attributes
                0x000002a2       0x29 uart.o
 .ARM.attributes
                0x000002cb       0x29 gpio.o

.comment        0x00000000       0x70
 .comment       0x00000000       0x70 build/drawPixel.o
                                 0x71 (size before relaxing)

.debug_line     0x00000000      0x6c9
 .debug_line    0x00000000       0x9d build/MainMenu.o
 .debug_line    0x0000009d       0x61 build/jtag.o
 .debug_line    0x000000fe       0x67 build/framebuffer.o
 .debug_line    0x00000165       0x7b build/mapLogic.o
 .debug_line    0x000001e0       0x4c build/TestCode.o
 .debug_line    0x0000022c       0xa3 build/GameplayLogic.o
 .debug_line    0x000002cf       0x91 build/main.o
 .debug_line    0x00000360       0xbb build/Graphics.o
 .debug_line    0x0000041b       0xb5 build/snes.o
 .debug_line    0x000004d0       0x4a build/Math.o
 .debug_line    0x0000051a       0x7f build/PauseMenu.o
 .debug_line    0x00000599       0xb7 uart.o
 .debug_line    0x00000650       0x79 gpio.o

.debug_info     0x00000000      0x5c0
 .debug_info    0x00000000       0x73 build/MainMenu.o
 .debug_info    0x00000073       0x6f build/jtag.o
 .debug_info    0x000000e2       0x76 build/framebuffer.o
 .debug_info    0x00000158       0x73 build/mapLogic.o
 .debug_info    0x000001cb       0x73 build/TestCode.o
 .debug_info    0x0000023e       0x78 build/GameplayLogic.o
 .debug_info    0x000002b6       0x6b build/main.o
 .debug_info    0x00000321       0x73 build/Graphics.o
 .debug_info    0x00000394       0x6f build/snes.o
 .debug_info    0x00000403       0x6f build/Math.o
 .debug_info    0x00000472       0x74 build/PauseMenu.o
 .debug_info    0x000004e6       0x6d uart.o
 .debug_info    0x00000553       0x6d gpio.o

.debug_abbrev   0x00000000      0x102
 .debug_abbrev  0x00000000       0x14 build/MainMenu.o
 .debug_abbrev  0x00000014       0x14 build/jtag.o
 .debug_abbrev  0x00000028       0x14 build/framebuffer.o
 .debug_abbrev  0x0000003c       0x14 build/mapLogic.o
 .debug_abbrev  0x00000050       0x14 build/TestCode.o
 .debug_abbrev  0x00000064       0x14 build/GameplayLogic.o
 .debug_abbrev  0x00000078       0x12 build/main.o
 .debug_abbrev  0x0000008a       0x14 build/Graphics.o
 .debug_abbrev  0x0000009e       0x14 build/snes.o
 .debug_abbrev  0x000000b2       0x14 build/Math.o
 .debug_abbrev  0x000000c6       0x14 build/PauseMenu.o
 .debug_abbrev  0x000000da       0x14 uart.o
 .debug_abbrev  0x000000ee       0x14 gpio.o

.debug_aranges  0x00000000      0x1a8
 .debug_aranges
                0x00000000       0x20 build/MainMenu.o
 .debug_aranges
                0x00000020       0x20 build/jtag.o
 .debug_aranges
                0x00000040       0x20 build/framebuffer.o
 .debug_aranges
                0x00000060       0x20 build/mapLogic.o
 .debug_aranges
                0x00000080       0x20 build/TestCode.o
 .debug_aranges
                0x000000a0       0x20 build/GameplayLogic.o
 .debug_aranges
                0x000000c0       0x28 build/main.o
 .debug_aranges
                0x000000e8       0x20 build/Graphics.o
 .debug_aranges
                0x00000108       0x20 build/snes.o
 .debug_aranges
                0x00000128       0x20 build/Math.o
 .debug_aranges
                0x00000148       0x20 build/PauseMenu.o
 .debug_aranges
                0x00000168       0x20 uart.o
 .debug_aranges
                0x00000188       0x20 gpio.o

.debug_ranges   0x00000000       0x20
 .debug_ranges  0x00000000       0x20 build/main.o
