
Memory Configuration

Name             Origin             Length             Attributes
*default*        0x00000000         0xffffffff

Linker script and memory map

LOAD build/MainMenu.o
LOAD build/jtag.o
LOAD build/framebuffer.o
LOAD build/MainMenuArt.o
LOAD build/TestCode.o
LOAD build/main.o
LOAD build/GameplayLogic.o
LOAD build/Graphics.o
LOAD build/map.o
LOAD build/strings.o
LOAD build/snes.o
LOAD build/art.o
LOAD build/drawPixel.o
LOAD uart.o
LOAD gpio.o

.init           0x00008000        0x4
 *(.init)
 .init          0x00008000        0x4 build/main.o
                0x00008000                _start
 .init          0x00008004        0x0 build/GameplayLogic.o
 .init          0x00008004        0x0 build/snes.o

.data           0x00009080     0x3cb0
 *(.data)
 .data          0x00009080        0x0 build/MainMenu.o
 .data          0x00009080        0x0 build/jtag.o
 .data          0x00009080       0x70 build/framebuffer.o
                0x000090e0                FrameBufferPointer
 .data          0x000090f0        0x0 build/MainMenuArt.o
 .data          0x000090f0        0x0 build/TestCode.o
 .data          0x000090f0        0x0 build/main.o
 .data          0x000090f0       0x30 build/GameplayLogic.o
 .data          0x00009120        0x0 build/Graphics.o
 .data          0x00009120     0x3c00 build/map.o
                0x00009120                d_mapBackground
                0x0000af20                d_mapForeground
 .data          0x0000cd20       0x10 build/strings.o
                0x0000cd20                d_numToPrint
 .data          0x0000cd30        0x0 build/snes.o
                0x0000cd30                previousButtons
 .data          0x0000cd30        0x0 build/art.o
 .data          0x0000cd30        0x0 build/drawPixel.o
 .data          0x0000cd30        0x0 uart.o
 .data          0x0000cd30        0x0 gpio.o
 *.c.o(*)

.igot.plt       0x0000cd30        0x0
 .igot.plt      0x00000000        0x0 build/MainMenu.o

.text           0x0000cd30   0x17fb14
 *.c.o(.text)
 *(.text)
 .text          0x0000cd30      0x154 build/MainMenu.o
                0x0000cd30                f_mainMenu
 .text          0x0000ce84       0x8c build/jtag.o
                0x0000ce84                EnableJTAG
 .text          0x0000cf10       0x80 build/framebuffer.o
                0x0000cf10                InitFrameBuffer
 .text          0x0000cf90    0xf4718 build/MainMenuArt.o
                0x0000cf90                t_MainMenuLogo
                0x000dd788                t_QuitNorm
                0x000e6750                t_QuitSelect
                0x000ef718                t_StartNorm
                0x000f86e0                t_StartSelect
 .text          0x001016a8       0x14 build/TestCode.o
                0x001016a8                f_tests3
 .text          0x001016bc       0xdc build/main.o
 *fill*         0x00101798        0x8 3f3f3f3f
 .text          0x001017a0      0x230 build/GameplayLogic.o
                0x001017c0                t_cameraPosition
                0x001017c4                f_playingState
                0x0010192c                f_drawMap
 .text          0x001019d0      0x9b0 build/Graphics.o
                0x00101aa4                f_drawElement
                0x00101b04                f_colourScreen
                0x00101b40                d_rectangle
                0x00101b50                d_textColour
 .text          0x00102380     0x3c00 build/map.o
                0x00102380                t_mapBackground
                0x00104180                t_mapForeground
 .text          0x00105f80       0x30 build/strings.o
                0x00105f80                t_scoreLabel
                0x00105f90                t_livesLabel
                0x00105fa0                t_coinsLable
 .text          0x00105fb0      0x1b8 build/snes.o
                0x00105fb0                snes
                0x00106000                init_GPIO
 .text          0x00106168    0x86430 build/art.o
                0x00106168                t_UpMushroom_0_0
                0x00106168                t_artSpritesAccess
                0x00107170                t_Brickt_0_0
                0x00108178                t_BushDouble_0_0
                0x00109180                t_BushDouble_1_0
                0x0010a188                t_BushDouble_2_0
                0x0010b190                t_BushSingle_0_0
                0x0010c198                t_BushSingle_1_0
                0x0010d1a0                t_BushTriple_0_0
                0x0010e1a8                t_BushTriple_1_0
                0x0010f1b0                t_BushTriple_2_0
                0x001101b8                t_BushTriple_3_0
                0x001111c0                t_Castle_0_0
                0x001121c8                t_Castle_0_1
                0x001131d0                t_Castle_0_2
                0x001141d8                t_Castle_0_3
                0x001151e0                t_Castle_0_4
                0x001161e8                t_Castle_1_0
                0x001171f0                t_Castle_1_1
                0x001181f8                t_Castle_1_2
                0x00119200                t_Castle_1_3
                0x0011a208                t_Castle_1_4
                0x0011b210                t_Castle_2_0
                0x0011c218                t_Castle_2_1
                0x0011d220                t_Castle_2_2
                0x0011e228                t_Castle_2_3
                0x0011f230                t_Castle_2_4
                0x00120238                t_Castle_3_0
                0x00121240                t_Castle_3_1
                0x00122248                t_Castle_3_2
                0x00123250                t_Castle_3_3
                0x00124258                t_Castle_3_4
                0x00125260                t_Castle_4_0
                0x00126268                t_Castle_4_1
                0x00127270                t_Castle_4_2
                0x00128278                t_Castle_4_3
                0x00129280                t_Castle_4_4
                0x0012a288                t_CloudDouble_0_0
                0x0012b290                t_CloudDouble_0_1
                0x0012c298                t_CloudDouble_1_0
                0x0012d2a0                t_CloudDouble_1_1
                0x0012e2a8                t_CloudDouble_2_0
                0x0012f2b0                t_CloudDouble_2_1
                0x001302b8                t_CloudSingle_0_0
                0x001312c0                t_CloudSingle_0_1
                0x001322c8                t_CloudSingle_1_0
                0x001332d0                t_CloudSingle_1_1
                0x001342d8                t_CloudTriple_0_0
                0x001352e0                t_CloudTriple_0_1
                0x001362e8                t_CloudTriple_1_0
                0x001372f0                t_CloudTriple_1_1
                0x001382f8                t_CloudTriple_2_0
                0x00139300                t_CloudTriple_2_1
                0x0013a308                t_CloudTriple_3_0
                0x0013b310                t_CloudTriple_3_1
                0x0013c318                t_Coin00_0_0
                0x0013d320                t_Coin01_0_0
                0x0013e328                t_Coin02_0_0
                0x0013f330                t_DirtGround_0_0
                0x00140338                t_EmptyBlock_0_0
                0x00141340                t_FlagPoleBeam_0_0
                0x00142348                t_FlagPoleFlag_0_0
                0x00143350                t_FlagPoleTop_0_0
                0x00144358                t_Goomba00_0_0
                0x00145360                t_Goomba01_0_0
                0x00146368                t_Goomba02_0_0
                0x00147370                t_Goomba03_0_0
                0x00148378                t_GrassGround_0_0
                0x00149380                t_GreenKoopaTroopaShell1_0_0
                0x0014a388                t_GreenKoopaTroopaShell2_0_0
                0x0014b390                t_GreenKoopaTroopa00_0_0
                0x0014c398                t_GreenKoopaTroopa00_0_1
                0x0014d3a0                t_GreenKoopaTroopa01_0_0
                0x0014e3a8                t_GreenKoopaTroopa01_0_1
                0x0014f3b0                t_HillLarge_0_0
                0x001503b8                t_HillLarge_0_1
                0x001513c0                t_HillLarge_0_2
                0x001523c8                t_HillLarge_1_0
                0x001533d0                t_HillLarge_1_1
                0x001543d8                t_HillLarge_1_2
                0x001553e0                t_HillLarge_2_0
                0x001563e8                t_HillLarge_2_1
                0x001573f0                t_HillLarge_2_2
                0x001583f8                t_HillLarge_3_0
                0x00159400                t_HillLarge_3_1
                0x0015a408                t_HillLarge_3_2
                0x0015b410                t_HillLarge_4_0
                0x0015c418                t_HillLarge_4_1
                0x0015d420                t_HillLarge_4_2
                0x0015e428                t_HillSmall_0_0
                0x0015f430                t_HillSmall_0_1
                0x00160438                t_HillSmall_1_0
                0x00161440                t_HillSmall_1_1
                0x00162448                t_HillSmall_2_0
                0x00163450                t_HillSmall_2_1
                0x00164458                t_MarioClimb1_0_0
                0x00165460                t_MarioClimb2_0_0
                0x00166468                t_MarioDead_0_0
                0x00167470                t_MarioJump_0_0
                0x00168478                t_MarioSkid_0_0
                0x00169480                t_MarioWalk1_0_0
                0x0016a488                t_MarioWalk2_0_0
                0x0016b490                t_MarioWalk3_0_0
                0x0016c498                t_Mario_0_0
                0x0016d4a0                t_Pipe_0_0
                0x0016e4a8                t_Pipe_0_1
                0x0016f4b0                t_Pipe_1_0
                0x001704b8                t_Pipe_1_1
                0x001714c0                t_QuestionBlock00_0_0
                0x001724c8                t_QuestionBlock01_0_0
                0x001734d0                t_QuestionBlock02_0_0
                0x001744d8                t_SolidBlock_0_0
                0x001754e0                t_Starman00_0_0
                0x001764e8                t_Starman01_0_0
                0x001774f0                t_Starman02_0_0
                0x001784f8                t_Starman03_0_0
                0x00179500                t_SuperMarioClimb1_0_0
                0x0017a508                t_SuperMarioClimb1_0_1
                0x0017b510                t_SuperMarioClimb2_0_0
                0x0017c518                t_SuperMarioClimb2_0_1
                0x0017d520                t_SuperMarioDuck_0_0
                0x0017e528                t_SuperMarioDuck_0_1
                0x0017f530                t_SuperMarioJump_0_0
                0x00180538                t_SuperMarioJump_0_1
                0x00181540                t_SuperMarioSkid_0_0
                0x00182548                t_SuperMarioSkid_0_1
                0x00183550                t_SuperMarioWalk1_0_0
                0x00184558                t_SuperMarioWalk1_0_1
                0x00185560                t_SuperMarioWalk2_0_0
                0x00186568                t_SuperMarioWalk2_0_1
                0x00187570                t_SuperMarioWalk3_0_0
                0x00188578                t_SuperMarioWalk3_0_1
                0x00189580                t_SuperMario_0_0
                0x0018a588                t_SuperMario_0_1
                0x0018b590                t_SuperMushroom_0_0
 .text          0x0018c598       0x1c build/drawPixel.o
                0x0018c598                f_drawPixel
 .text          0x0018c5b4      0x1b8 uart.o
                0x0018c5b4                InitUART
                0x0018c674                PutCharUART
                0x0018c690                GetCharUART
                0x0018c6ac                WriteStringUART
                0x0018c6dc                ReadLineUART
 .text          0x0018c76c       0xd8 gpio.o
                0x0018c76c                GetGpioAddress
                0x0018c774                SetGpioFunction
                0x0018c7c0                SetGpio
                0x0018c7fc                GetGpio
OUTPUT(build/output.elf elf32-littlearm)

.glue_7         0x0018c844        0x0
 .glue_7        0x00000000        0x0 linker stubs

.glue_7t        0x0018c844        0x0
 .glue_7t       0x00000000        0x0 linker stubs

.vfp11_veneer   0x0018c844        0x0
 .vfp11_veneer  0x00000000        0x0 linker stubs

.v4_bx          0x0018c844        0x0
 .v4_bx         0x00000000        0x0 linker stubs

.iplt           0x0018c844        0x0
 .iplt          0x00000000        0x0 build/MainMenu.o

.rel.dyn        0x0018c844        0x0
 .rel.iplt      0x00000000        0x0 build/MainMenu.o

.bss            0x0018c844        0x0
 .bss           0x0018c844        0x0 build/MainMenu.o
 .bss           0x0018c844        0x0 build/jtag.o
 .bss           0x0018c844        0x0 build/framebuffer.o
 .bss           0x0018c844        0x0 build/MainMenuArt.o
 .bss           0x0018c844        0x0 build/TestCode.o
 .bss           0x0018c844        0x0 build/main.o
 .bss           0x0018c844        0x0 build/GameplayLogic.o
 .bss           0x0018c844        0x0 build/Graphics.o
 .bss           0x0018c844        0x0 build/map.o
 .bss           0x0018c844        0x0 build/strings.o
 .bss           0x0018c844        0x0 build/snes.o
 .bss           0x0018c844        0x0 build/art.o
 .bss           0x0018c844        0x0 build/drawPixel.o
 .bss           0x0018c844        0x0 uart.o
 .bss           0x0018c844        0x0 gpio.o

.ARM.attributes
                0x00000000       0x37
 .ARM.attributes
                0x00000000       0x29 build/MainMenu.o
 .ARM.attributes
                0x00000029       0x29 build/jtag.o
 .ARM.attributes
                0x00000052       0x29 build/framebuffer.o
 .ARM.attributes
                0x0000007b       0x29 build/MainMenuArt.o
 .ARM.attributes
                0x000000a4       0x29 build/TestCode.o
 .ARM.attributes
                0x000000cd       0x29 build/main.o
 .ARM.attributes
                0x000000f6       0x29 build/GameplayLogic.o
 .ARM.attributes
                0x0000011f       0x29 build/Graphics.o
 .ARM.attributes
                0x00000148       0x29 build/map.o
 .ARM.attributes
                0x00000171       0x29 build/strings.o
 .ARM.attributes
                0x0000019a       0x29 build/snes.o
 .ARM.attributes
                0x000001c3       0x29 build/art.o
 .ARM.attributes
                0x000001ec       0x3b build/drawPixel.o
 .ARM.attributes
                0x00000227       0x29 uart.o
 .ARM.attributes
                0x00000250       0x29 gpio.o

.comment        0x00000000       0x70
 .comment       0x00000000       0x70 build/drawPixel.o
                                 0x71 (size before relaxing)

.debug_line     0x00000000      0x5bd
 .debug_line    0x00000000       0x9d build/MainMenu.o
 .debug_line    0x0000009d       0x61 build/jtag.o
 .debug_line    0x000000fe       0x67 build/framebuffer.o
 .debug_line    0x00000165       0x49 build/TestCode.o
 .debug_line    0x000001ae       0x91 build/main.o
 .debug_line    0x0000023f       0xde build/GameplayLogic.o
 .debug_line    0x0000031d       0xbb build/Graphics.o
 .debug_line    0x000003d8       0xb5 build/snes.o
 .debug_line    0x0000048d       0xb7 uart.o
 .debug_line    0x00000544       0x79 gpio.o

.debug_info     0x00000000      0x46a
 .debug_info    0x00000000       0x73 build/MainMenu.o
 .debug_info    0x00000073       0x6f build/jtag.o
 .debug_info    0x000000e2       0x76 build/framebuffer.o
 .debug_info    0x00000158       0x73 build/TestCode.o
 .debug_info    0x000001cb       0x6b build/main.o
 .debug_info    0x00000236       0x78 build/GameplayLogic.o
 .debug_info    0x000002ae       0x73 build/Graphics.o
 .debug_info    0x00000321       0x6f build/snes.o
 .debug_info    0x00000390       0x6d uart.o
 .debug_info    0x000003fd       0x6d gpio.o

.debug_abbrev   0x00000000       0xc6
 .debug_abbrev  0x00000000       0x14 build/MainMenu.o
 .debug_abbrev  0x00000014       0x14 build/jtag.o
 .debug_abbrev  0x00000028       0x14 build/framebuffer.o
 .debug_abbrev  0x0000003c       0x14 build/TestCode.o
 .debug_abbrev  0x00000050       0x12 build/main.o
 .debug_abbrev  0x00000062       0x14 build/GameplayLogic.o
 .debug_abbrev  0x00000076       0x14 build/Graphics.o
 .debug_abbrev  0x0000008a       0x14 build/snes.o
 .debug_abbrev  0x0000009e       0x14 uart.o
 .debug_abbrev  0x000000b2       0x14 gpio.o

.debug_aranges  0x00000000      0x148
 .debug_aranges
                0x00000000       0x20 build/MainMenu.o
 .debug_aranges
                0x00000020       0x20 build/jtag.o
 .debug_aranges
                0x00000040       0x20 build/framebuffer.o
 .debug_aranges
                0x00000060       0x20 build/TestCode.o
 .debug_aranges
                0x00000080       0x28 build/main.o
 .debug_aranges
                0x000000a8       0x20 build/GameplayLogic.o
 .debug_aranges
                0x000000c8       0x20 build/Graphics.o
 .debug_aranges
                0x000000e8       0x20 build/snes.o
 .debug_aranges
                0x00000108       0x20 uart.o
 .debug_aranges
                0x00000128       0x20 gpio.o

.debug_ranges   0x00000000       0x20
 .debug_ranges  0x00000000       0x20 build/main.o
