
Memory Configuration

Name             Origin             Length             Attributes
*default*        0x00000000         0xffffffff

Linker script and memory map

LOAD build/MainMenu.o
LOAD build/jtag.o
LOAD build/framebuffer.o
LOAD build/main.o
LOAD build/GameplayLogic.o
LOAD build/Map2Art.o
LOAD build/Graphics.o
LOAD build/map.o
LOAD build/snes.o
LOAD build/art.o
LOAD uart.o
LOAD gpio.o

.init           0x00008000        0x4
 *(.init)
 .init          0x00008000        0x4 build/main.o
                0x00008000                _start
 .init          0x00008004        0x0 build/GameplayLogic.o
 .init          0x00008004        0x0 build/Map2Art.o
 .init          0x00008004        0x0 build/snes.o

.data           0x00009080     0x44d0
 *(.data)
 .data          0x00009080        0x0 build/MainMenu.o
 .data          0x00009080        0x0 build/jtag.o
 .data          0x00009080       0x70 build/framebuffer.o
                0x000090e0                FrameBufferPointer
 .data          0x000090f0      0x810 build/main.o
                0x000090f0                s_coreState
 .data          0x00009900        0x8 build/GameplayLogic.o
 .data          0x00009908        0x0 build/Map2Art.o
 *fill*         0x00009908        0x8 3f3f3f3f
 .data          0x00009910       0x40 build/Graphics.o
                0x00009940                s_rectangle
 .data          0x00009950     0x3c00 build/map.o
                0x00009950                s_mapBackground_data
                0x0000b750                s_mapForeground_data
 .data          0x0000d550        0x0 build/snes.o
                0x0000d550                previousButtons
 .data          0x0000d550        0x0 build/art.o
 .data          0x0000d550        0x0 uart.o
 .data          0x0000d550        0x0 gpio.o
 *.c.o(*)

.igot.plt       0x0000d550        0x0
 .igot.plt      0x00000000        0x0 build/MainMenu.o

.text           0x0000d550    0x8add0
 *.c.o(.text)
 *(.text)
 .text          0x0000d550       0xa8 build/MainMenu.o
 .text          0x0000d5f8       0x8c build/jtag.o
                0x0000d5f8                EnableJTAG
 .text          0x0000d684       0x80 build/framebuffer.o
                0x0000d684                InitFrameBuffer
 .text          0x0000d704       0x24 build/main.o
 .text          0x0000d728       0xc8 build/GameplayLogic.o
                0x0000d728                f_playingState
 .text          0x0000d7f0       0x84 build/Map2Art.o
                0x0000d7f0                f_mapByteToArtLabel
 .text          0x0000d874      0x1d8 build/Graphics.o
                0x0000d970                f_drawElement
                0x0000d9c8                f_colourScreen
                0x0000da04                f_drawPixel
 *fill*         0x0000da4c        0x4 3f3f3f3f
 .text          0x0000da50     0x3c00 build/map.o
                0x0000da50                s_mapBackground_text
                0x0000f850                s_mapForeground_text
 .text          0x00011650      0x1d8 build/snes.o
                0x00011650                snes
                0x000116a8                init_GPIO
 *fill*         0x00011828        0x8 3f3f3f3f
 .text          0x00011830    0x86860 build/art.o
                0x00011830                s_UpMushroom_0_0
                0x00012840                s_Bricks_0_0
                0x00013850                s_BushDouble_0_0
                0x00014860                s_BushDouble_1_0
                0x00015870                s_BushDouble_2_0
                0x00016880                s_BushSingle_0_0
                0x00017890                s_BushSingle_1_0
                0x000188a0                s_BushTriple_0_0
                0x000198b0                s_BushTriple_1_0
                0x0001a8c0                s_BushTriple_2_0
                0x0001b8d0                s_BushTriple_3_0
                0x0001c8e0                s_Castle_0_0
                0x0001d8f0                s_Castle_0_1
                0x0001e900                s_Castle_0_2
                0x0001f910                s_Castle_0_3
                0x00020920                s_Castle_0_4
                0x00021930                s_Castle_1_0
                0x00022940                s_Castle_1_1
                0x00023950                s_Castle_1_2
                0x00024960                s_Castle_1_3
                0x00025970                s_Castle_1_4
                0x00026980                s_Castle_2_0
                0x00027990                s_Castle_2_1
                0x000289a0                s_Castle_2_2
                0x000299b0                s_Castle_2_3
                0x0002a9c0                s_Castle_2_4
                0x0002b9d0                s_Castle_3_0
                0x0002c9e0                s_Castle_3_1
                0x0002d9f0                s_Castle_3_2
                0x0002ea00                s_Castle_3_3
                0x0002fa10                s_Castle_3_4
                0x00030a20                s_Castle_4_0
                0x00031a30                s_Castle_4_1
                0x00032a40                s_Castle_4_2
                0x00033a50                s_Castle_4_3
                0x00034a60                s_Castle_4_4
                0x00035a70                s_CloudDouble_0_0
                0x00036a80                s_CloudDouble_0_1
                0x00037a90                s_CloudDouble_1_0
                0x00038aa0                s_CloudDouble_1_1
                0x00039ab0                s_CloudDouble_2_0
                0x0003aac0                s_CloudDouble_2_1
                0x0003bad0                s_CloudSingle_0_0
                0x0003cae0                s_CloudSingle_0_1
                0x0003daf0                s_CloudSingle_1_0
                0x0003eb00                s_CloudSingle_1_1
                0x0003fb10                s_CloudTriple_0_0
                0x00040b20                s_CloudTriple_0_1
                0x00041b30                s_CloudTriple_1_0
                0x00042b40                s_CloudTriple_1_1
                0x00043b50                s_CloudTriple_2_0
                0x00044b60                s_CloudTriple_2_1
                0x00045b70                s_CloudTriple_3_0
                0x00046b80                s_CloudTriple_3_1
                0x00047b90                s_Coin00_0_0
                0x00048ba0                s_Coin01_0_0
                0x00049bb0                s_Coin02_0_0
                0x0004abc0                s_DirtGround_0_0
                0x0004bbd0                s_EmptyBlock_0_0
                0x0004cbe0                s_FlagPoleBeam_0_0
                0x0004dbf0                s_FlagPoleFlag_0_0
                0x0004ec00                s_FlagPoleTop_0_0
                0x0004fc10                s_Goomba00_0_0
                0x00050c20                s_Goomba01_0_0
                0x00051c30                s_Goomba02_0_0
                0x00052c40                s_Goomba03_0_0
                0x00053c50                s_GrassGround_0_0
                0x00054c60                s_GreenKoopaTroopaShell1_0_0
                0x00055c70                s_GreenKoopaTroopaShell2_0_0
                0x00056c80                s_GreenKoopaTroopa00_0_0
                0x00057c90                s_GreenKoopaTroopa00_0_1
                0x00058ca0                s_GreenKoopaTroopa01_0_0
                0x00059cb0                s_GreenKoopaTroopa01_0_1
                0x0005acc0                s_HillLarge_0_0
                0x0005bcd0                s_HillLarge_0_1
                0x0005cce0                s_HillLarge_0_2
                0x0005dcf0                s_HillLarge_1_0
                0x0005ed00                s_HillLarge_1_1
                0x0005fd10                s_HillLarge_1_2
                0x00060d20                s_HillLarge_2_0
                0x00061d30                s_HillLarge_2_1
                0x00062d40                s_HillLarge_2_2
                0x00063d50                s_HillLarge_3_0
                0x00064d60                s_HillLarge_3_1
                0x00065d70                s_HillLarge_3_2
                0x00066d80                s_HillLarge_4_0
                0x00067d90                s_HillLarge_4_1
                0x00068da0                s_HillLarge_4_2
                0x00069db0                s_HillSmall_0_0
                0x0006adc0                s_HillSmall_0_1
                0x0006bdd0                s_HillSmall_1_0
                0x0006cde0                s_HillSmall_1_1
                0x0006ddf0                s_HillSmall_2_0
                0x0006ee00                s_HillSmall_2_1
                0x0006fe10                s_MarioClimb1_0_0
                0x00070e20                s_MarioClimb2_0_0
                0x00071e30                s_MarioDead_0_0
                0x00072e40                s_MarioJump_0_0
                0x00073e50                s_MarioSkid_0_0
                0x00074e60                s_MarioWalk1_0_0
                0x00075e70                s_MarioWalk2_0_0
                0x00076e80                s_MarioWalk3_0_0
                0x00077e90                s_Mario_0_0
                0x00078ea0                s_Pipe_0_0
                0x00079eb0                s_Pipe_0_1
                0x0007aec0                s_Pipe_1_0
                0x0007bed0                s_Pipe_1_1
                0x0007cee0                s_QuestionBlock00_0_0
                0x0007def0                s_QuestionBlock01_0_0
                0x0007ef00                s_QuestionBlock02_0_0
                0x0007ff10                s_SolidBlock_0_0
                0x00080f20                s_Starman00_0_0
                0x00081f30                s_Starman01_0_0
                0x00082f40                s_Starman02_0_0
                0x00083f50                s_Starman03_0_0
                0x00084f60                s_SuperMarioClimb1_0_0
                0x00085f70                s_SuperMarioClimb1_0_1
                0x00086f80                s_SuperMarioClimb2_0_0
                0x00087f90                s_SuperMarioClimb2_0_1
                0x00088fa0                s_SuperMarioDuck_0_0
                0x00089fb0                s_SuperMarioDuck_0_1
                0x0008afc0                s_SuperMarioJump_0_0
                0x0008bfd0                s_SuperMarioJump_0_1
                0x0008cfe0                s_SuperMarioSkid_0_0
                0x0008dff0                s_SuperMarioSkid_0_1
                0x0008f000                s_SuperMarioWalk1_0_0
                0x00090010                s_SuperMarioWalk1_0_1
                0x00091020                s_SuperMarioWalk2_0_0
                0x00092030                s_SuperMarioWalk2_0_1
                0x00093040                s_SuperMarioWalk3_0_0
                0x00094050                s_SuperMarioWalk3_0_1
                0x00095060                s_SuperMario_0_0
                0x00096070                s_SuperMario_0_1
                0x00097080                s_SuperMushroom_0_0
 .text          0x00098090      0x1b8 uart.o
                0x00098090                InitUART
                0x00098150                PutCharUART
                0x0009816c                GetCharUART
                0x00098188                WriteStringUART
                0x000981b8                ReadLineUART
 .text          0x00098248       0xd8 gpio.o
                0x00098248                GetGpioAddress
                0x00098250                SetGpioFunction
                0x0009829c                SetGpio
                0x000982d8                GetGpio
OUTPUT(build/output.elf elf32-littlearm)

.glue_7         0x00098320        0x0
 .glue_7        0x00000000        0x0 linker stubs

.glue_7t        0x00098320        0x0
 .glue_7t       0x00000000        0x0 linker stubs

.vfp11_veneer   0x00098320        0x0
 .vfp11_veneer  0x00000000        0x0 linker stubs

.v4_bx          0x00098320        0x0
 .v4_bx         0x00000000        0x0 linker stubs

.iplt           0x00098320        0x0
 .iplt          0x00000000        0x0 build/MainMenu.o

.rel.dyn        0x00098320        0x0
 .rel.iplt      0x00000000        0x0 build/MainMenu.o

.bss            0x00098320        0x0
 .bss           0x00098320        0x0 build/MainMenu.o
 .bss           0x00098320        0x0 build/jtag.o
 .bss           0x00098320        0x0 build/framebuffer.o
 .bss           0x00098320        0x0 build/main.o
 .bss           0x00098320        0x0 build/GameplayLogic.o
 .bss           0x00098320        0x0 build/Map2Art.o
 .bss           0x00098320        0x0 build/Graphics.o
 .bss           0x00098320        0x0 build/map.o
 .bss           0x00098320        0x0 build/snes.o
 .bss           0x00098320        0x0 build/art.o
 .bss           0x00098320        0x0 uart.o
 .bss           0x00098320        0x0 gpio.o

.ARM.attributes
                0x00000000       0x29
 .ARM.attributes
                0x00000000       0x29 build/MainMenu.o
 .ARM.attributes
                0x00000029       0x29 build/jtag.o
 .ARM.attributes
                0x00000052       0x29 build/framebuffer.o
 .ARM.attributes
                0x0000007b       0x29 build/main.o
 .ARM.attributes
                0x000000a4       0x29 build/GameplayLogic.o
 .ARM.attributes
                0x000000cd       0x29 build/Map2Art.o
 .ARM.attributes
                0x000000f6       0x29 build/Graphics.o
 .ARM.attributes
                0x0000011f       0x29 build/map.o
 .ARM.attributes
                0x00000148       0x29 build/snes.o
 .ARM.attributes
                0x00000171       0x29 build/art.o
 .ARM.attributes
                0x0000019a       0x29 uart.o
 .ARM.attributes
                0x000001c3       0x29 gpio.o

.debug_line     0x00000000      0x522
 .debug_line    0x00000000       0x6a build/MainMenu.o
 .debug_line    0x0000006a       0x61 build/jtag.o
 .debug_line    0x000000cb       0x67 build/framebuffer.o
 .debug_line    0x00000132       0x58 build/main.o
 .debug_line    0x0000018a       0x7b build/GameplayLogic.o
 .debug_line    0x00000205       0x60 build/Map2Art.o
 .debug_line    0x00000265       0xd0 build/Graphics.o
 .debug_line    0x00000335       0xbd build/snes.o
 .debug_line    0x000003f2       0xb7 uart.o
 .debug_line    0x000004a9       0x79 gpio.o

.debug_info     0x00000000      0x469
 .debug_info    0x00000000       0x73 build/MainMenu.o
 .debug_info    0x00000073       0x6f build/jtag.o
 .debug_info    0x000000e2       0x76 build/framebuffer.o
 .debug_info    0x00000158       0x6b build/main.o
 .debug_info    0x000001c3       0x78 build/GameplayLogic.o
 .debug_info    0x0000023b       0x72 build/Map2Art.o
 .debug_info    0x000002ad       0x73 build/Graphics.o
 .debug_info    0x00000320       0x6f build/snes.o
 .debug_info    0x0000038f       0x6d uart.o
 .debug_info    0x000003fc       0x6d gpio.o

.debug_abbrev   0x00000000       0xc6
 .debug_abbrev  0x00000000       0x14 build/MainMenu.o
 .debug_abbrev  0x00000014       0x14 build/jtag.o
 .debug_abbrev  0x00000028       0x14 build/framebuffer.o
 .debug_abbrev  0x0000003c       0x12 build/main.o
 .debug_abbrev  0x0000004e       0x14 build/GameplayLogic.o
 .debug_abbrev  0x00000062       0x14 build/Map2Art.o
 .debug_abbrev  0x00000076       0x14 build/Graphics.o
 .debug_abbrev  0x0000008a       0x14 build/snes.o
 .debug_abbrev  0x0000009e       0x14 uart.o
 .debug_abbrev  0x000000b2       0x14 gpio.o

.debug_aranges  0x00000000      0x148
 .debug_aranges
                0x00000000       0x20 build/MainMenu.o
 .debug_aranges
                0x00000020       0x20 build/jtag.o
 .debug_aranges
                0x00000040       0x20 build/framebuffer.o
 .debug_aranges
                0x00000060       0x28 build/main.o
 .debug_aranges
                0x00000088       0x20 build/GameplayLogic.o
 .debug_aranges
                0x000000a8       0x20 build/Map2Art.o
 .debug_aranges
                0x000000c8       0x20 build/Graphics.o
 .debug_aranges
                0x000000e8       0x20 build/snes.o
 .debug_aranges
                0x00000108       0x20 uart.o
 .debug_aranges
                0x00000128       0x20 gpio.o

.debug_ranges   0x00000000       0x20
 .debug_ranges  0x00000000       0x20 build/main.o
