
Memory Configuration

Name             Origin             Length             Attributes
*default*        0x00000000         0xffffffff

Linker script and memory map

LOAD build/MainMenu.o
LOAD build/jtag.o
LOAD build/framebuffer.o
LOAD build/TestCode.o
LOAD build/main.o
LOAD build/GameplayLogic.o
LOAD build/Map2Art.o
LOAD build/Graphics.o
LOAD build/map.o
LOAD build/snes.o
LOAD build/art.o
LOAD uart.o
LOAD gpio.o

.init           0x00008000        0x4
 *(.init)
 .init          0x00008000        0x4 build/main.o
                0x00008000                _start
 .init          0x00008004        0x0 build/GameplayLogic.o
 .init          0x00008004        0x0 build/Map2Art.o
 .init          0x00008004        0x0 build/snes.o

.data           0x00009080     0x44d0
 *(.data)
 .data          0x00009080        0x0 build/MainMenu.o
 .data          0x00009080        0x0 build/jtag.o
 .data          0x00009080       0x70 build/framebuffer.o
                0x000090e0                FrameBufferPointer
 .data          0x000090f0        0x0 build/TestCode.o
 .data          0x000090f0      0x810 build/main.o
                0x000090f0                s_coreState
 .data          0x00009900        0xc build/GameplayLogic.o
 .data          0x0000990c        0x0 build/Map2Art.o
 *fill*         0x0000990c        0x4 3f3f3f3f
 .data          0x00009910       0x40 build/Graphics.o
                0x00009940                s_rectangle
 .data          0x00009950     0x3c00 build/map.o
                0x00009950                s_mapBackground_data
                0x0000b750                s_mapForeground_data
 .data          0x0000d550        0x0 build/snes.o
                0x0000d550                previousButtons
 .data          0x0000d550        0x0 build/art.o
 .data          0x0000d550        0x0 uart.o
 .data          0x0000d550        0x0 gpio.o
 *.c.o(*)

.igot.plt       0x0000d550        0x0
 .igot.plt      0x00000000        0x0 build/MainMenu.o

.text           0x0000d550    0x8aaa8
 *.c.o(.text)
 *(.text)
 .text          0x0000d550       0xa8 build/MainMenu.o
 .text          0x0000d5f8       0x8c build/jtag.o
                0x0000d5f8                EnableJTAG
 .text          0x0000d684       0x80 build/framebuffer.o
                0x0000d684                InitFrameBuffer
 .text          0x0000d704       0x44 build/TestCode.o
                0x0000d704                f_tests
 .text          0x0000d748       0x1c build/main.o
 .text          0x0000d764      0x16c build/GameplayLogic.o
                0x0000d764                f_playingState
 .text          0x0000d8d0       0x84 build/Map2Art.o
                0x0000d8d0                f_mapByteToArtLabel
 .text          0x0000d954      0x208 build/Graphics.o
                0x0000da88                f_drawElement
                0x0000dac8                f_colourScreen
                0x0000db18                f_drawPixel
 *fill*         0x0000db5c        0x4 3f3f3f3f
 .text          0x0000db60     0x3c00 build/map.o
                0x0000db60                s_mapBackground_text
                0x0000f960                s_mapForeground_text
 .text          0x00011760      0x1d8 build/snes.o
                0x00011760                snes
                0x000117b8                init_GPIO
 .text          0x00011938    0x86430 build/art.o
                0x00011938                s_UpMushroom_0_0
                0x00011938                s_artSpritesAccess
                0x00012940                s_Bricks_0_0
                0x00013948                s_BushDouble_0_0
                0x00014950                s_BushDouble_1_0
                0x00015958                s_BushDouble_2_0
                0x00016960                s_BushSingle_0_0
                0x00017968                s_BushSingle_1_0
                0x00018970                s_BushTriple_0_0
                0x00019978                s_BushTriple_1_0
                0x0001a980                s_BushTriple_2_0
                0x0001b988                s_BushTriple_3_0
                0x0001c990                s_Castle_0_0
                0x0001d998                s_Castle_0_1
                0x0001e9a0                s_Castle_0_2
                0x0001f9a8                s_Castle_0_3
                0x000209b0                s_Castle_0_4
                0x000219b8                s_Castle_1_0
                0x000229c0                s_Castle_1_1
                0x000239c8                s_Castle_1_2
                0x000249d0                s_Castle_1_3
                0x000259d8                s_Castle_1_4
                0x000269e0                s_Castle_2_0
                0x000279e8                s_Castle_2_1
                0x000289f0                s_Castle_2_2
                0x000299f8                s_Castle_2_3
                0x0002aa00                s_Castle_2_4
                0x0002ba08                s_Castle_3_0
                0x0002ca10                s_Castle_3_1
                0x0002da18                s_Castle_3_2
                0x0002ea20                s_Castle_3_3
                0x0002fa28                s_Castle_3_4
                0x00030a30                s_Castle_4_0
                0x00031a38                s_Castle_4_1
                0x00032a40                s_Castle_4_2
                0x00033a48                s_Castle_4_3
                0x00034a50                s_Castle_4_4
                0x00035a58                s_CloudDouble_0_0
                0x00036a60                s_CloudDouble_0_1
                0x00037a68                s_CloudDouble_1_0
                0x00038a70                s_CloudDouble_1_1
                0x00039a78                s_CloudDouble_2_0
                0x0003aa80                s_CloudDouble_2_1
                0x0003ba88                s_CloudSingle_0_0
                0x0003ca90                s_CloudSingle_0_1
                0x0003da98                s_CloudSingle_1_0
                0x0003eaa0                s_CloudSingle_1_1
                0x0003faa8                s_CloudTriple_0_0
                0x00040ab0                s_CloudTriple_0_1
                0x00041ab8                s_CloudTriple_1_0
                0x00042ac0                s_CloudTriple_1_1
                0x00043ac8                s_CloudTriple_2_0
                0x00044ad0                s_CloudTriple_2_1
                0x00045ad8                s_CloudTriple_3_0
                0x00046ae0                s_CloudTriple_3_1
                0x00047ae8                s_Coin00_0_0
                0x00048af0                s_Coin01_0_0
                0x00049af8                s_Coin02_0_0
                0x0004ab00                s_DirtGround_0_0
                0x0004bb08                s_EmptyBlock_0_0
                0x0004cb10                s_FlagPoleBeam_0_0
                0x0004db18                s_FlagPoleFlag_0_0
                0x0004eb20                s_FlagPoleTop_0_0
                0x0004fb28                s_Goomba00_0_0
                0x00050b30                s_Goomba01_0_0
                0x00051b38                s_Goomba02_0_0
                0x00052b40                s_Goomba03_0_0
                0x00053b48                s_GrassGround_0_0
                0x00054b50                s_GreenKoopaTroopaShell1_0_0
                0x00055b58                s_GreenKoopaTroopaShell2_0_0
                0x00056b60                s_GreenKoopaTroopa00_0_0
                0x00057b68                s_GreenKoopaTroopa00_0_1
                0x00058b70                s_GreenKoopaTroopa01_0_0
                0x00059b78                s_GreenKoopaTroopa01_0_1
                0x0005ab80                s_HillLarge_0_0
                0x0005bb88                s_HillLarge_0_1
                0x0005cb90                s_HillLarge_0_2
                0x0005db98                s_HillLarge_1_0
                0x0005eba0                s_HillLarge_1_1
                0x0005fba8                s_HillLarge_1_2
                0x00060bb0                s_HillLarge_2_0
                0x00061bb8                s_HillLarge_2_1
                0x00062bc0                s_HillLarge_2_2
                0x00063bc8                s_HillLarge_3_0
                0x00064bd0                s_HillLarge_3_1
                0x00065bd8                s_HillLarge_3_2
                0x00066be0                s_HillLarge_4_0
                0x00067be8                s_HillLarge_4_1
                0x00068bf0                s_HillLarge_4_2
                0x00069bf8                s_HillSmall_0_0
                0x0006ac00                s_HillSmall_0_1
                0x0006bc08                s_HillSmall_1_0
                0x0006cc10                s_HillSmall_1_1
                0x0006dc18                s_HillSmall_2_0
                0x0006ec20                s_HillSmall_2_1
                0x0006fc28                s_MarioClimb1_0_0
                0x00070c30                s_MarioClimb2_0_0
                0x00071c38                s_MarioDead_0_0
                0x00072c40                s_MarioJump_0_0
                0x00073c48                s_MarioSkid_0_0
                0x00074c50                s_MarioWalk1_0_0
                0x00075c58                s_MarioWalk2_0_0
                0x00076c60                s_MarioWalk3_0_0
                0x00077c68                s_Mario_0_0
                0x00078c70                s_Pipe_0_0
                0x00079c78                s_Pipe_0_1
                0x0007ac80                s_Pipe_1_0
                0x0007bc88                s_Pipe_1_1
                0x0007cc90                s_QuestionBlock00_0_0
                0x0007dc98                s_QuestionBlock01_0_0
                0x0007eca0                s_QuestionBlock02_0_0
                0x0007fca8                s_SolidBlock_0_0
                0x00080cb0                s_Starman00_0_0
                0x00081cb8                s_Starman01_0_0
                0x00082cc0                s_Starman02_0_0
                0x00083cc8                s_Starman03_0_0
                0x00084cd0                s_SuperMarioClimb1_0_0
                0x00085cd8                s_SuperMarioClimb1_0_1
                0x00086ce0                s_SuperMarioClimb2_0_0
                0x00087ce8                s_SuperMarioClimb2_0_1
                0x00088cf0                s_SuperMarioDuck_0_0
                0x00089cf8                s_SuperMarioDuck_0_1
                0x0008ad00                s_SuperMarioJump_0_0
                0x0008bd08                s_SuperMarioJump_0_1
                0x0008cd10                s_SuperMarioSkid_0_0
                0x0008dd18                s_SuperMarioSkid_0_1
                0x0008ed20                s_SuperMarioWalk1_0_0
                0x0008fd28                s_SuperMarioWalk1_0_1
                0x00090d30                s_SuperMarioWalk2_0_0
                0x00091d38                s_SuperMarioWalk2_0_1
                0x00092d40                s_SuperMarioWalk3_0_0
                0x00093d48                s_SuperMarioWalk3_0_1
                0x00094d50                s_SuperMario_0_0
                0x00095d58                s_SuperMario_0_1
                0x00096d60                s_SuperMushroom_0_0
 .text          0x00097d68      0x1b8 uart.o
                0x00097d68                InitUART
                0x00097e28                PutCharUART
                0x00097e44                GetCharUART
                0x00097e60                WriteStringUART
                0x00097e90                ReadLineUART
 .text          0x00097f20       0xd8 gpio.o
                0x00097f20                GetGpioAddress
                0x00097f28                SetGpioFunction
                0x00097f74                SetGpio
                0x00097fb0                GetGpio
OUTPUT(build/output.elf elf32-littlearm)

.glue_7         0x00097ff8        0x0
 .glue_7        0x00000000        0x0 linker stubs

.glue_7t        0x00097ff8        0x0
 .glue_7t       0x00000000        0x0 linker stubs

.vfp11_veneer   0x00097ff8        0x0
 .vfp11_veneer  0x00000000        0x0 linker stubs

.v4_bx          0x00097ff8        0x0
 .v4_bx         0x00000000        0x0 linker stubs

.iplt           0x00097ff8        0x0
 .iplt          0x00000000        0x0 build/MainMenu.o

.rel.dyn        0x00097ff8        0x0
 .rel.iplt      0x00000000        0x0 build/MainMenu.o

.bss            0x00097ff8        0x0
 .bss           0x00097ff8        0x0 build/MainMenu.o
 .bss           0x00097ff8        0x0 build/jtag.o
 .bss           0x00097ff8        0x0 build/framebuffer.o
 .bss           0x00097ff8        0x0 build/TestCode.o
 .bss           0x00097ff8        0x0 build/main.o
 .bss           0x00097ff8        0x0 build/GameplayLogic.o
 .bss           0x00097ff8        0x0 build/Map2Art.o
 .bss           0x00097ff8        0x0 build/Graphics.o
 .bss           0x00097ff8        0x0 build/map.o
 .bss           0x00097ff8        0x0 build/snes.o
 .bss           0x00097ff8        0x0 build/art.o
 .bss           0x00097ff8        0x0 uart.o
 .bss           0x00097ff8        0x0 gpio.o

.ARM.attributes
                0x00000000       0x29
 .ARM.attributes
                0x00000000       0x29 build/MainMenu.o
 .ARM.attributes
                0x00000029       0x29 build/jtag.o
 .ARM.attributes
                0x00000052       0x29 build/framebuffer.o
 .ARM.attributes
                0x0000007b       0x29 build/TestCode.o
 .ARM.attributes
                0x000000a4       0x29 build/main.o
 .ARM.attributes
                0x000000cd       0x29 build/GameplayLogic.o
 .ARM.attributes
                0x000000f6       0x29 build/Map2Art.o
 .ARM.attributes
                0x0000011f       0x29 build/Graphics.o
 .ARM.attributes
                0x00000148       0x29 build/map.o
 .ARM.attributes
                0x00000171       0x29 build/snes.o
 .ARM.attributes
                0x0000019a       0x29 build/art.o
 .ARM.attributes
                0x000001c3       0x29 uart.o
 .ARM.attributes
                0x000001ec       0x29 gpio.o

.debug_line     0x00000000      0x5c0
 .debug_line    0x00000000       0x6a build/MainMenu.o
 .debug_line    0x0000006a       0x61 build/jtag.o
 .debug_line    0x000000cb       0x67 build/framebuffer.o
 .debug_line    0x00000132       0x53 build/TestCode.o
 .debug_line    0x00000185       0x54 build/main.o
 .debug_line    0x000001d9       0xae build/GameplayLogic.o
 .debug_line    0x00000287       0x60 build/Map2Art.o
 .debug_line    0x000002e7       0xec build/Graphics.o
 .debug_line    0x000003d3       0xbd build/snes.o
 .debug_line    0x00000490       0xb7 uart.o
 .debug_line    0x00000547       0x79 gpio.o

.debug_info     0x00000000      0x4dc
 .debug_info    0x00000000       0x73 build/MainMenu.o
 .debug_info    0x00000073       0x6f build/jtag.o
 .debug_info    0x000000e2       0x76 build/framebuffer.o
 .debug_info    0x00000158       0x73 build/TestCode.o
 .debug_info    0x000001cb       0x6b build/main.o
 .debug_info    0x00000236       0x78 build/GameplayLogic.o
 .debug_info    0x000002ae       0x72 build/Map2Art.o
 .debug_info    0x00000320       0x73 build/Graphics.o
 .debug_info    0x00000393       0x6f build/snes.o
 .debug_info    0x00000402       0x6d uart.o
 .debug_info    0x0000046f       0x6d gpio.o

.debug_abbrev   0x00000000       0xda
 .debug_abbrev  0x00000000       0x14 build/MainMenu.o
 .debug_abbrev  0x00000014       0x14 build/jtag.o
 .debug_abbrev  0x00000028       0x14 build/framebuffer.o
 .debug_abbrev  0x0000003c       0x14 build/TestCode.o
 .debug_abbrev  0x00000050       0x12 build/main.o
 .debug_abbrev  0x00000062       0x14 build/GameplayLogic.o
 .debug_abbrev  0x00000076       0x14 build/Map2Art.o
 .debug_abbrev  0x0000008a       0x14 build/Graphics.o
 .debug_abbrev  0x0000009e       0x14 build/snes.o
 .debug_abbrev  0x000000b2       0x14 uart.o
 .debug_abbrev  0x000000c6       0x14 gpio.o

.debug_aranges  0x00000000      0x168
 .debug_aranges
                0x00000000       0x20 build/MainMenu.o
 .debug_aranges
                0x00000020       0x20 build/jtag.o
 .debug_aranges
                0x00000040       0x20 build/framebuffer.o
 .debug_aranges
                0x00000060       0x20 build/TestCode.o
 .debug_aranges
                0x00000080       0x28 build/main.o
 .debug_aranges
                0x000000a8       0x20 build/GameplayLogic.o
 .debug_aranges
                0x000000c8       0x20 build/Map2Art.o
 .debug_aranges
                0x000000e8       0x20 build/Graphics.o
 .debug_aranges
                0x00000108       0x20 build/snes.o
 .debug_aranges
                0x00000128       0x20 uart.o
 .debug_aranges
                0x00000148       0x20 gpio.o

.debug_ranges   0x00000000       0x20
 .debug_ranges  0x00000000       0x20 build/main.o
