
Memory Configuration

Name             Origin             Length             Attributes
*default*        0x00000000         0xffffffff

Linker script and memory map

LOAD build/main.o
LOAD build/jtag.o
LOAD build/framebuffer1.o
LOAD build/framebuffer2.o
LOAD build/Graphics.o
LOAD build/snes.o
LOAD uart.o
LOAD gpio.o

.init           0x00008000       0xdc
 *(.init)
 .init          0x00008000        0x0 build/main.o
 .init          0x00008000        0x0 build/Graphics.o
 .init          0x00008000       0xdc build/snes.o

.data           0x00009080      0x8e0
 *(.data)
 .data          0x00009080      0x800 build/main.o
 .data          0x00009880        0x0 build/jtag.o
 .data          0x00009880       0x70 build/framebuffer1.o
                0x000098e0                FrameBufferPointer1
 .data          0x000098f0       0x70 build/framebuffer2.o
                0x00009950                FrameBufferPointer2
 .data          0x00009960        0x0 build/Graphics.o
 .data          0x00009960        0x0 build/snes.o
 .data          0x00009960        0x0 uart.o
 .data          0x00009960        0x0 gpio.o
 *.c.o(*)

.igot.plt       0x00009960        0x0
 .igot.plt      0x00000000        0x0 build/main.o

.text           0x00009960      0x8f0
 *.c.o(.text)
 *(.text)
 .text          0x00009960       0xc4 build/main.o
                0x000099fc                _start
 .text          0x00009a24       0x8c build/jtag.o
                0x00009a24                EnableJTAG
 .text          0x00009ab0       0x80 build/framebuffer1.o
                0x00009ab0                InitFrameBuffer1
 .text          0x00009b30       0x80 build/framebuffer2.o
                0x00009b30                InitFrameBuffer2
 .text          0x00009bb0       0xa8 build/Graphics.o
 .text          0x00009c58      0x368 build/snes.o
                0x00009c58                snes
 .text          0x00009fc0      0x1b8 uart.o
                0x00009fc0                InitUART
                0x0000a080                PutCharUART
                0x0000a09c                GetCharUART
                0x0000a0b8                WriteStringUART
                0x0000a0e8                ReadLineUART
 .text          0x0000a178       0xd8 gpio.o
                0x0000a178                GetGpioAddress
                0x0000a180                SetGpioFunction
                0x0000a1cc                SetGpio
                0x0000a208                GetGpio
OUTPUT(build/output.elf elf32-littlearm)

.glue_7         0x0000a250        0x0
 .glue_7        0x00000000        0x0 linker stubs

.glue_7t        0x0000a250        0x0
 .glue_7t       0x00000000        0x0 linker stubs

.vfp11_veneer   0x0000a250        0x0
 .vfp11_veneer  0x00000000        0x0 linker stubs

.v4_bx          0x0000a250        0x0
 .v4_bx         0x00000000        0x0 linker stubs

.iplt           0x0000a250        0x0
 .iplt          0x00000000        0x0 build/main.o

.rel.dyn        0x0000a250        0x0
 .rel.iplt      0x00000000        0x0 build/main.o

.bss            0x0000a250        0x0
 .bss           0x0000a250        0x0 build/main.o
 .bss           0x0000a250        0x0 build/jtag.o
 .bss           0x0000a250        0x0 build/framebuffer1.o
 .bss           0x0000a250        0x0 build/framebuffer2.o
 .bss           0x0000a250        0x0 build/Graphics.o
 .bss           0x0000a250        0x0 build/snes.o
 .bss           0x0000a250        0x0 uart.o
 .bss           0x0000a250        0x0 gpio.o

.ARM.attributes
                0x00000000       0x29
 .ARM.attributes
                0x00000000       0x29 build/main.o
 .ARM.attributes
                0x00000029       0x29 build/jtag.o
 .ARM.attributes
                0x00000052       0x29 build/framebuffer1.o
 .ARM.attributes
                0x0000007b       0x29 build/framebuffer2.o
 .ARM.attributes
                0x000000a4       0x29 build/Graphics.o
 .ARM.attributes
                0x000000cd       0x29 build/snes.o
 .ARM.attributes
                0x000000f6       0x29 uart.o
 .ARM.attributes
                0x0000011f       0x29 gpio.o

.debug_line     0x00000000      0x48c
 .debug_line    0x00000000       0x90 build/main.o
 .debug_line    0x00000090       0x61 build/jtag.o
 .debug_line    0x000000f1       0x68 build/framebuffer1.o
 .debug_line    0x00000159       0x68 build/framebuffer2.o
 .debug_line    0x000001c1       0x70 build/Graphics.o
 .debug_line    0x00000231      0x12b build/snes.o
 .debug_line    0x0000035c       0xb7 uart.o
 .debug_line    0x00000413       0x79 gpio.o

.debug_info     0x00000000      0x38d
 .debug_info    0x00000000       0x74 build/main.o
 .debug_info    0x00000074       0x6f build/jtag.o
 .debug_info    0x000000e3       0x77 build/framebuffer1.o
 .debug_info    0x0000015a       0x77 build/framebuffer2.o
 .debug_info    0x000001d1       0x73 build/Graphics.o
 .debug_info    0x00000244       0x6f build/snes.o
 .debug_info    0x000002b3       0x6d uart.o
 .debug_info    0x00000320       0x6d gpio.o

.debug_abbrev   0x00000000       0xa0
 .debug_abbrev  0x00000000       0x14 build/main.o
 .debug_abbrev  0x00000014       0x14 build/jtag.o
 .debug_abbrev  0x00000028       0x14 build/framebuffer1.o
 .debug_abbrev  0x0000003c       0x14 build/framebuffer2.o
 .debug_abbrev  0x00000050       0x14 build/Graphics.o
 .debug_abbrev  0x00000064       0x14 build/snes.o
 .debug_abbrev  0x00000078       0x14 uart.o
 .debug_abbrev  0x0000008c       0x14 gpio.o

.debug_aranges  0x00000000      0x100
 .debug_aranges
                0x00000000       0x20 build/main.o
 .debug_aranges
                0x00000020       0x20 build/jtag.o
 .debug_aranges
                0x00000040       0x20 build/framebuffer1.o
 .debug_aranges
                0x00000060       0x20 build/framebuffer2.o
 .debug_aranges
                0x00000080       0x20 build/Graphics.o
 .debug_aranges
                0x000000a0       0x20 build/snes.o
 .debug_aranges
                0x000000c0       0x20 uart.o
 .debug_aranges
                0x000000e0       0x20 gpio.o
