
Memory Configuration

Name             Origin             Length             Attributes
*default*        0x00000000         0xffffffff

Linker script and memory map

LOAD build/main.o
LOAD build/jtag.o
LOAD uart.o
LOAD gpio.o

.init           0x00008000       0xe0
 *(.init)
 .init          0x00008000       0xe0 build/main.o
                0x000080dc                _start

.data           0x00009080        0x0
 *(.data)
 .data          0x00009080        0x0 build/main.o
 .data          0x00009080        0x0 build/jtag.o
 .data          0x00009080        0x0 uart.o
 .data          0x00009080        0x0 gpio.o
 *.c.o(*)

.igot.plt       0x000080e0        0x0 load address 0x00009080
 .igot.plt      0x00000000        0x0 build/main.o

.text           0x000080e0      0x684
 *.c.o(.text)
 *(.text)
 .text          0x000080e0      0x368 build/main.o
 .text          0x00008448       0x8c build/jtag.o
                0x00008448                EnableJTAG
 .text          0x000084d4      0x1b8 uart.o
                0x000084d4                InitUART
                0x00008594                PutCharUART
                0x000085b0                GetCharUART
                0x000085cc                WriteStringUART
                0x000085fc                ReadLineUART
 .text          0x0000868c       0xd8 gpio.o
                0x0000868c                GetGpioAddress
                0x00008694                SetGpioFunction
                0x000086e0                SetGpio
                0x0000871c                GetGpio
OUTPUT(build/output.elf elf32-littlearm)

.glue_7         0x00008764        0x0
 .glue_7        0x00000000        0x0 linker stubs

.glue_7t        0x00008764        0x0
 .glue_7t       0x00000000        0x0 linker stubs

.vfp11_veneer   0x00008764        0x0
 .vfp11_veneer  0x00000000        0x0 linker stubs

.v4_bx          0x00008764        0x0
 .v4_bx         0x00000000        0x0 linker stubs

.iplt           0x00008764        0x0
 .iplt          0x00000000        0x0 build/main.o

.rel.dyn        0x00008764        0x0
 .rel.iplt      0x00000000        0x0 build/main.o

.bss            0x00008764        0x0
 .bss           0x00008764        0x0 build/main.o
 .bss           0x00008764        0x0 build/jtag.o
 .bss           0x00008764        0x0 uart.o
 .bss           0x00008764        0x0 gpio.o

.ARM.attributes
                0x00000000       0x29
 .ARM.attributes
                0x00000000       0x29 build/main.o
 .ARM.attributes
                0x00000029       0x29 build/jtag.o
 .ARM.attributes
                0x00000052       0x29 uart.o
 .ARM.attributes
                0x0000007b       0x29 gpio.o

.debug_line     0x00000000      0x2cb
 .debug_line    0x00000000      0x13a build/main.o
 .debug_line    0x0000013a       0x61 build/jtag.o
 .debug_line    0x0000019b       0xb7 uart.o
 .debug_line    0x00000252       0x79 gpio.o

.debug_info     0x00000000      0x1b4
 .debug_info    0x00000000       0x6b build/main.o
 .debug_info    0x0000006b       0x6f build/jtag.o
 .debug_info    0x000000da       0x6d uart.o
 .debug_info    0x00000147       0x6d gpio.o

.debug_abbrev   0x00000000       0x4e
 .debug_abbrev  0x00000000       0x12 build/main.o
 .debug_abbrev  0x00000012       0x14 build/jtag.o
 .debug_abbrev  0x00000026       0x14 uart.o
 .debug_abbrev  0x0000003a       0x14 gpio.o

.debug_aranges  0x00000000       0x88
 .debug_aranges
                0x00000000       0x28 build/main.o
 .debug_aranges
                0x00000028       0x20 build/jtag.o
 .debug_aranges
                0x00000048       0x20 uart.o
 .debug_aranges
                0x00000068       0x20 gpio.o

.debug_ranges   0x00000000       0x20
 .debug_ranges  0x00000000       0x20 build/main.o
