
Memory Configuration

Name             Origin             Length             Attributes
*default*        0x00000000         0xffffffff

Linker script and memory map

LOAD build/MainMenu.o
LOAD build/jtag.o
LOAD build/framebuffer.o
LOAD build/TestCode.o
LOAD build/main.o
LOAD build/GameplayLogic.o
LOAD build/Map2Art.o
LOAD build/Graphics.o
LOAD build/map.o
LOAD build/snes.o
LOAD build/art.o
LOAD uart.o
LOAD gpio.o

.init           0x00008000        0x4
 *(.init)
 .init          0x00008000        0x4 build/main.o
                0x00008000                _start
 .init          0x00008004        0x0 build/GameplayLogic.o
 .init          0x00008004        0x0 build/Map2Art.o
 .init          0x00008004        0x0 build/snes.o

.data           0x00009080     0x44d0
 *(.data)
 .data          0x00009080        0x0 build/MainMenu.o
 .data          0x00009080        0x0 build/jtag.o
 .data          0x00009080       0x70 build/framebuffer.o
                0x000090e0                FrameBufferPointer
 .data          0x000090f0        0x0 build/TestCode.o
 .data          0x000090f0      0x810 build/main.o
                0x000090f0                s_coreState
 .data          0x00009900        0x8 build/GameplayLogic.o
 .data          0x00009908        0x0 build/Map2Art.o
 *fill*         0x00009908        0x8 3f3f3f3f
 .data          0x00009910       0x40 build/Graphics.o
                0x00009940                s_rectangle
 .data          0x00009950     0x3c00 build/map.o
                0x00009950                s_mapBackground_data
                0x0000b750                s_mapForeground_data
 .data          0x0000d550        0x0 build/snes.o
                0x0000d550                previousButtons
 .data          0x0000d550        0x0 build/art.o
 .data          0x0000d550        0x0 uart.o
 .data          0x0000d550        0x0 gpio.o
 *.c.o(*)

.igot.plt       0x0000d550        0x0
 .igot.plt      0x00000000        0x0 build/MainMenu.o

.text           0x0000d550    0x8ae60
 *.c.o(.text)
 *(.text)
 .text          0x0000d550       0xa8 build/MainMenu.o
 .text          0x0000d5f8       0x8c build/jtag.o
                0x0000d5f8                EnableJTAG
 .text          0x0000d684       0x80 build/framebuffer.o
                0x0000d684                InitFrameBuffer
 .text          0x0000d704       0x1c build/TestCode.o
                0x0000d704                f_tests
 .text          0x0000d720       0x1c build/main.o
 .text          0x0000d73c       0xd0 build/GameplayLogic.o
                0x0000d73c                f_playingState
 .text          0x0000d80c       0x84 build/Map2Art.o
                0x0000d80c                f_mapByteToArtLabel
 .text          0x0000d890      0x248 build/Graphics.o
                0x0000d9e0                f_drawElement
                0x0000da3c                f_colourScreen
                0x0000da90                f_drawPixel
 *fill*         0x0000dad8        0x8 3f3f3f3f
 .text          0x0000dae0     0x3c00 build/map.o
                0x0000dae0                s_mapBackground_text
                0x0000f8e0                s_mapForeground_text
 .text          0x000116e0      0x1d8 build/snes.o
                0x000116e0                snes
                0x00011738                init_GPIO
 *fill*         0x000118b8        0x8 3f3f3f3f
 .text          0x000118c0    0x86860 build/art.o
                0x000118c0                s_UpMushroom_0_0
                0x000128d0                s_Bricks_0_0
                0x000138e0                s_BushDouble_0_0
                0x000148f0                s_BushDouble_1_0
                0x00015900                s_BushDouble_2_0
                0x00016910                s_BushSingle_0_0
                0x00017920                s_BushSingle_1_0
                0x00018930                s_BushTriple_0_0
                0x00019940                s_BushTriple_1_0
                0x0001a950                s_BushTriple_2_0
                0x0001b960                s_BushTriple_3_0
                0x0001c970                s_Castle_0_0
                0x0001d980                s_Castle_0_1
                0x0001e990                s_Castle_0_2
                0x0001f9a0                s_Castle_0_3
                0x000209b0                s_Castle_0_4
                0x000219c0                s_Castle_1_0
                0x000229d0                s_Castle_1_1
                0x000239e0                s_Castle_1_2
                0x000249f0                s_Castle_1_3
                0x00025a00                s_Castle_1_4
                0x00026a10                s_Castle_2_0
                0x00027a20                s_Castle_2_1
                0x00028a30                s_Castle_2_2
                0x00029a40                s_Castle_2_3
                0x0002aa50                s_Castle_2_4
                0x0002ba60                s_Castle_3_0
                0x0002ca70                s_Castle_3_1
                0x0002da80                s_Castle_3_2
                0x0002ea90                s_Castle_3_3
                0x0002faa0                s_Castle_3_4
                0x00030ab0                s_Castle_4_0
                0x00031ac0                s_Castle_4_1
                0x00032ad0                s_Castle_4_2
                0x00033ae0                s_Castle_4_3
                0x00034af0                s_Castle_4_4
                0x00035b00                s_CloudDouble_0_0
                0x00036b10                s_CloudDouble_0_1
                0x00037b20                s_CloudDouble_1_0
                0x00038b30                s_CloudDouble_1_1
                0x00039b40                s_CloudDouble_2_0
                0x0003ab50                s_CloudDouble_2_1
                0x0003bb60                s_CloudSingle_0_0
                0x0003cb70                s_CloudSingle_0_1
                0x0003db80                s_CloudSingle_1_0
                0x0003eb90                s_CloudSingle_1_1
                0x0003fba0                s_CloudTriple_0_0
                0x00040bb0                s_CloudTriple_0_1
                0x00041bc0                s_CloudTriple_1_0
                0x00042bd0                s_CloudTriple_1_1
                0x00043be0                s_CloudTriple_2_0
                0x00044bf0                s_CloudTriple_2_1
                0x00045c00                s_CloudTriple_3_0
                0x00046c10                s_CloudTriple_3_1
                0x00047c20                s_Coin00_0_0
                0x00048c30                s_Coin01_0_0
                0x00049c40                s_Coin02_0_0
                0x0004ac50                s_DirtGround_0_0
                0x0004bc60                s_EmptyBlock_0_0
                0x0004cc70                s_FlagPoleBeam_0_0
                0x0004dc80                s_FlagPoleFlag_0_0
                0x0004ec90                s_FlagPoleTop_0_0
                0x0004fca0                s_Goomba00_0_0
                0x00050cb0                s_Goomba01_0_0
                0x00051cc0                s_Goomba02_0_0
                0x00052cd0                s_Goomba03_0_0
                0x00053ce0                s_GrassGround_0_0
                0x00054cf0                s_GreenKoopaTroopaShell1_0_0
                0x00055d00                s_GreenKoopaTroopaShell2_0_0
                0x00056d10                s_GreenKoopaTroopa00_0_0
                0x00057d20                s_GreenKoopaTroopa00_0_1
                0x00058d30                s_GreenKoopaTroopa01_0_0
                0x00059d40                s_GreenKoopaTroopa01_0_1
                0x0005ad50                s_HillLarge_0_0
                0x0005bd60                s_HillLarge_0_1
                0x0005cd70                s_HillLarge_0_2
                0x0005dd80                s_HillLarge_1_0
                0x0005ed90                s_HillLarge_1_1
                0x0005fda0                s_HillLarge_1_2
                0x00060db0                s_HillLarge_2_0
                0x00061dc0                s_HillLarge_2_1
                0x00062dd0                s_HillLarge_2_2
                0x00063de0                s_HillLarge_3_0
                0x00064df0                s_HillLarge_3_1
                0x00065e00                s_HillLarge_3_2
                0x00066e10                s_HillLarge_4_0
                0x00067e20                s_HillLarge_4_1
                0x00068e30                s_HillLarge_4_2
                0x00069e40                s_HillSmall_0_0
                0x0006ae50                s_HillSmall_0_1
                0x0006be60                s_HillSmall_1_0
                0x0006ce70                s_HillSmall_1_1
                0x0006de80                s_HillSmall_2_0
                0x0006ee90                s_HillSmall_2_1
                0x0006fea0                s_MarioClimb1_0_0
                0x00070eb0                s_MarioClimb2_0_0
                0x00071ec0                s_MarioDead_0_0
                0x00072ed0                s_MarioJump_0_0
                0x00073ee0                s_MarioSkid_0_0
                0x00074ef0                s_MarioWalk1_0_0
                0x00075f00                s_MarioWalk2_0_0
                0x00076f10                s_MarioWalk3_0_0
                0x00077f20                s_Mario_0_0
                0x00078f30                s_Pipe_0_0
                0x00079f40                s_Pipe_0_1
                0x0007af50                s_Pipe_1_0
                0x0007bf60                s_Pipe_1_1
                0x0007cf70                s_QuestionBlock00_0_0
                0x0007df80                s_QuestionBlock01_0_0
                0x0007ef90                s_QuestionBlock02_0_0
                0x0007ffa0                s_SolidBlock_0_0
                0x00080fb0                s_Starman00_0_0
                0x00081fc0                s_Starman01_0_0
                0x00082fd0                s_Starman02_0_0
                0x00083fe0                s_Starman03_0_0
                0x00084ff0                s_SuperMarioClimb1_0_0
                0x00086000                s_SuperMarioClimb1_0_1
                0x00087010                s_SuperMarioClimb2_0_0
                0x00088020                s_SuperMarioClimb2_0_1
                0x00089030                s_SuperMarioDuck_0_0
                0x0008a040                s_SuperMarioDuck_0_1
                0x0008b050                s_SuperMarioJump_0_0
                0x0008c060                s_SuperMarioJump_0_1
                0x0008d070                s_SuperMarioSkid_0_0
                0x0008e080                s_SuperMarioSkid_0_1
                0x0008f090                s_SuperMarioWalk1_0_0
                0x000900a0                s_SuperMarioWalk1_0_1
                0x000910b0                s_SuperMarioWalk2_0_0
                0x000920c0                s_SuperMarioWalk2_0_1
                0x000930d0                s_SuperMarioWalk3_0_0
                0x000940e0                s_SuperMarioWalk3_0_1
                0x000950f0                s_SuperMario_0_0
                0x00096100                s_SuperMario_0_1
                0x00097110                s_SuperMushroom_0_0
 .text          0x00098120      0x1b8 uart.o
                0x00098120                InitUART
                0x000981e0                PutCharUART
                0x000981fc                GetCharUART
                0x00098218                WriteStringUART
                0x00098248                ReadLineUART
 .text          0x000982d8       0xd8 gpio.o
                0x000982d8                GetGpioAddress
                0x000982e0                SetGpioFunction
                0x0009832c                SetGpio
                0x00098368                GetGpio
OUTPUT(build/output.elf elf32-littlearm)

.glue_7         0x000983b0        0x0
 .glue_7        0x00000000        0x0 linker stubs

.glue_7t        0x000983b0        0x0
 .glue_7t       0x00000000        0x0 linker stubs

.vfp11_veneer   0x000983b0        0x0
 .vfp11_veneer  0x00000000        0x0 linker stubs

.v4_bx          0x000983b0        0x0
 .v4_bx         0x00000000        0x0 linker stubs

.iplt           0x000983b0        0x0
 .iplt          0x00000000        0x0 build/MainMenu.o

.rel.dyn        0x000983b0        0x0
 .rel.iplt      0x00000000        0x0 build/MainMenu.o

.bss            0x000983b0        0x0
 .bss           0x000983b0        0x0 build/MainMenu.o
 .bss           0x000983b0        0x0 build/jtag.o
 .bss           0x000983b0        0x0 build/framebuffer.o
 .bss           0x000983b0        0x0 build/TestCode.o
 .bss           0x000983b0        0x0 build/main.o
 .bss           0x000983b0        0x0 build/GameplayLogic.o
 .bss           0x000983b0        0x0 build/Map2Art.o
 .bss           0x000983b0        0x0 build/Graphics.o
 .bss           0x000983b0        0x0 build/map.o
 .bss           0x000983b0        0x0 build/snes.o
 .bss           0x000983b0        0x0 build/art.o
 .bss           0x000983b0        0x0 uart.o
 .bss           0x000983b0        0x0 gpio.o

.ARM.attributes
                0x00000000       0x29
 .ARM.attributes
                0x00000000       0x29 build/MainMenu.o
 .ARM.attributes
                0x00000029       0x29 build/jtag.o
 .ARM.attributes
                0x00000052       0x29 build/framebuffer.o
 .ARM.attributes
                0x0000007b       0x29 build/TestCode.o
 .ARM.attributes
                0x000000a4       0x29 build/main.o
 .ARM.attributes
                0x000000cd       0x29 build/GameplayLogic.o
 .ARM.attributes
                0x000000f6       0x29 build/Map2Art.o
 .ARM.attributes
                0x0000011f       0x29 build/Graphics.o
 .ARM.attributes
                0x00000148       0x29 build/map.o
 .ARM.attributes
                0x00000171       0x29 build/snes.o
 .ARM.attributes
                0x0000019a       0x29 build/art.o
 .ARM.attributes
                0x000001c3       0x29 uart.o
 .ARM.attributes
                0x000001ec       0x29 gpio.o

.debug_line     0x00000000      0x58f
 .debug_line    0x00000000       0x6a build/MainMenu.o
 .debug_line    0x0000006a       0x61 build/jtag.o
 .debug_line    0x000000cb       0x67 build/framebuffer.o
 .debug_line    0x00000132       0x49 build/TestCode.o
 .debug_line    0x0000017b       0x54 build/main.o
 .debug_line    0x000001cf       0x7d build/GameplayLogic.o
 .debug_line    0x0000024c       0x60 build/Map2Art.o
 .debug_line    0x000002ac       0xf6 build/Graphics.o
 .debug_line    0x000003a2       0xbd build/snes.o
 .debug_line    0x0000045f       0xb7 uart.o
 .debug_line    0x00000516       0x79 gpio.o

.debug_info     0x00000000      0x4dc
 .debug_info    0x00000000       0x73 build/MainMenu.o
 .debug_info    0x00000073       0x6f build/jtag.o
 .debug_info    0x000000e2       0x76 build/framebuffer.o
 .debug_info    0x00000158       0x73 build/TestCode.o
 .debug_info    0x000001cb       0x6b build/main.o
 .debug_info    0x00000236       0x78 build/GameplayLogic.o
 .debug_info    0x000002ae       0x72 build/Map2Art.o
 .debug_info    0x00000320       0x73 build/Graphics.o
 .debug_info    0x00000393       0x6f build/snes.o
 .debug_info    0x00000402       0x6d uart.o
 .debug_info    0x0000046f       0x6d gpio.o

.debug_abbrev   0x00000000       0xda
 .debug_abbrev  0x00000000       0x14 build/MainMenu.o
 .debug_abbrev  0x00000014       0x14 build/jtag.o
 .debug_abbrev  0x00000028       0x14 build/framebuffer.o
 .debug_abbrev  0x0000003c       0x14 build/TestCode.o
 .debug_abbrev  0x00000050       0x12 build/main.o
 .debug_abbrev  0x00000062       0x14 build/GameplayLogic.o
 .debug_abbrev  0x00000076       0x14 build/Map2Art.o
 .debug_abbrev  0x0000008a       0x14 build/Graphics.o
 .debug_abbrev  0x0000009e       0x14 build/snes.o
 .debug_abbrev  0x000000b2       0x14 uart.o
 .debug_abbrev  0x000000c6       0x14 gpio.o

.debug_aranges  0x00000000      0x168
 .debug_aranges
                0x00000000       0x20 build/MainMenu.o
 .debug_aranges
                0x00000020       0x20 build/jtag.o
 .debug_aranges
                0x00000040       0x20 build/framebuffer.o
 .debug_aranges
                0x00000060       0x20 build/TestCode.o
 .debug_aranges
                0x00000080       0x28 build/main.o
 .debug_aranges
                0x000000a8       0x20 build/GameplayLogic.o
 .debug_aranges
                0x000000c8       0x20 build/Map2Art.o
 .debug_aranges
                0x000000e8       0x20 build/Graphics.o
 .debug_aranges
                0x00000108       0x20 build/snes.o
 .debug_aranges
                0x00000128       0x20 uart.o
 .debug_aranges
                0x00000148       0x20 gpio.o

.debug_ranges   0x00000000       0x20
 .debug_ranges  0x00000000       0x20 build/main.o
