
Memory Configuration

Name             Origin             Length             Attributes
*default*        0x00000000         0xffffffff

Linker script and memory map

LOAD build/MainMenu.o
LOAD build/jtag.o
LOAD build/framebuffer.o
LOAD build/main.o
LOAD build/Graphics.o
LOAD build/map.o
LOAD build/snes.o
LOAD build/art.o
LOAD uart.o
LOAD gpio.o

.init           0x00008000        0x0
 *(.init)
 .init          0x00008000        0x0 build/main.o
 .init          0x00008000        0x0 build/Graphics.o

.data           0x00009080      0x870
 *(.data)
 .data          0x00009080        0x0 build/MainMenu.o
 .data          0x00009080        0x0 build/jtag.o
 .data          0x00009080       0x70 build/framebuffer.o
                0x000090e0                FrameBufferPointer
 .data          0x000090f0      0x800 build/main.o
 .data          0x000098f0        0x0 build/Graphics.o
 .data          0x000098f0        0x0 build/map.o
 .data          0x000098f0        0x0 build/snes.o
 .data          0x000098f0        0x0 build/art.o
 .data          0x000098f0        0x0 uart.o
 .data          0x000098f0        0x0 gpio.o
 *.c.o(*)

.igot.plt       0x000098f0        0x0
 .igot.plt      0x00000000        0x0 build/MainMenu.o

.text           0x000098f0     0x1564
 *.c.o(.text)
 *(.text)
 .text          0x000098f0        0xc build/MainMenu.o
                0x000098f0                Menu
 .text          0x000098fc       0x8c build/jtag.o
                0x000098fc                EnableJTAG
 .text          0x00009988       0x80 build/framebuffer.o
                0x00009988                InitFrameBuffer
 .text          0x00009a08      0x124 build/main.o
                0x00009b00                _start
 .text          0x00009b2c      0x108 build/Graphics.o
 .text          0x00009c34      0xf90 build/map.o
 .text          0x0000abc4        0x0 build/snes.o
 .text          0x0000abc4        0x0 build/art.o
 .text          0x0000abc4      0x1b8 uart.o
                0x0000abc4                InitUART
                0x0000ac84                PutCharUART
                0x0000aca0                GetCharUART
                0x0000acbc                WriteStringUART
                0x0000acec                ReadLineUART
 .text          0x0000ad7c       0xd8 gpio.o
                0x0000ad7c                GetGpioAddress
                0x0000ad84                SetGpioFunction
                0x0000add0                SetGpio
                0x0000ae0c                GetGpio
OUTPUT(build/output.elf elf32-littlearm)

.glue_7         0x0000ae54        0x0
 .glue_7        0x00000000        0x0 linker stubs

.glue_7t        0x0000ae54        0x0
 .glue_7t       0x00000000        0x0 linker stubs

.vfp11_veneer   0x0000ae54        0x0
 .vfp11_veneer  0x00000000        0x0 linker stubs

.v4_bx          0x0000ae54        0x0
 .v4_bx         0x00000000        0x0 linker stubs

.iplt           0x0000ae54        0x0
 .iplt          0x00000000        0x0 build/MainMenu.o

.rel.dyn        0x0000ae54        0x0
 .rel.iplt      0x00000000        0x0 build/MainMenu.o

.bss            0x0000ae54        0x0
 .bss           0x0000ae54        0x0 build/MainMenu.o
 .bss           0x0000ae54        0x0 build/jtag.o
 .bss           0x0000ae54        0x0 build/framebuffer.o
 .bss           0x0000ae54        0x0 build/main.o
 .bss           0x0000ae54        0x0 build/Graphics.o
 .bss           0x0000ae54        0x0 build/map.o
 .bss           0x0000ae54        0x0 build/snes.o
 .bss           0x0000ae54        0x0 build/art.o
 .bss           0x0000ae54        0x0 uart.o
 .bss           0x0000ae54        0x0 gpio.o

.ARM.attributes
                0x00000000       0x29
 .ARM.attributes
                0x00000000       0x29 build/MainMenu.o
 .ARM.attributes
                0x00000029       0x29 build/jtag.o
 .ARM.attributes
                0x00000052       0x29 build/framebuffer.o
 .ARM.attributes
                0x0000007b       0x29 build/main.o
 .ARM.attributes
                0x000000a4       0x29 build/Graphics.o
 .ARM.attributes
                0x000000cd       0x29 build/map.o
 .ARM.attributes
                0x000000f6       0x29 build/snes.o
 .ARM.attributes
                0x0000011f       0x29 build/art.o
 .ARM.attributes
                0x00000148       0x29 uart.o
 .ARM.attributes
                0x00000171       0x29 gpio.o

.debug_line     0x00000000      0x37a
 .debug_line    0x00000000       0x43 build/MainMenu.o
 .debug_line    0x00000043       0x61 build/jtag.o
 .debug_line    0x000000a4       0x67 build/framebuffer.o
 .debug_line    0x0000010b       0xb1 build/main.o
 .debug_line    0x000001bc       0x8e build/Graphics.o
 .debug_line    0x0000024a       0xb7 uart.o
 .debug_line    0x00000301       0x79 gpio.o

.debug_info     0x00000000      0x319
 .debug_info    0x00000000       0x73 build/MainMenu.o
 .debug_info    0x00000073       0x6f build/jtag.o
 .debug_info    0x000000e2       0x76 build/framebuffer.o
 .debug_info    0x00000158       0x74 build/main.o
 .debug_info    0x000001cc       0x73 build/Graphics.o
 .debug_info    0x0000023f       0x6d uart.o
 .debug_info    0x000002ac       0x6d gpio.o

.debug_abbrev   0x00000000       0x8c
 .debug_abbrev  0x00000000       0x14 build/MainMenu.o
 .debug_abbrev  0x00000014       0x14 build/jtag.o
 .debug_abbrev  0x00000028       0x14 build/framebuffer.o
 .debug_abbrev  0x0000003c       0x14 build/main.o
 .debug_abbrev  0x00000050       0x14 build/Graphics.o
 .debug_abbrev  0x00000064       0x14 uart.o
 .debug_abbrev  0x00000078       0x14 gpio.o

.debug_aranges  0x00000000       0xe0
 .debug_aranges
                0x00000000       0x20 build/MainMenu.o
 .debug_aranges
                0x00000020       0x20 build/jtag.o
 .debug_aranges
                0x00000040       0x20 build/framebuffer.o
 .debug_aranges
                0x00000060       0x20 build/main.o
 .debug_aranges
                0x00000080       0x20 build/Graphics.o
 .debug_aranges
                0x000000a0       0x20 uart.o
 .debug_aranges
                0x000000c0       0x20 gpio.o
